Bad Request
Not Found
OK
Permission Denied
Permission Denied
Permission Denied