OK
OK
OK
OK
OK
Dowlat Abad: Payane Jonoub, Pirouzi
Enghelab: Karegar, Payane Jonoub, Pirouzi
Hossein Abad: Mirdamad, Tehranpars, Tajrish, Pirouzi
Karegar: Enghelab, Meydan Sanat, Mirdamad
Meydan Sanat: Karegar, Mirdamad, Tajrish
Mirdamad: Hossein Abad, Tajrish, Meydan Sanat, Karegar
Payane Jonoub: Dowlat Abad, Pirouzi, Enghelab
Pirouzi: Tehranpars, Payane Jonoub, Dowlat Abad, Hossein Abad, Enghelab
Tajrish: Mirdamad, Meydan Sanat, Hossein Abad
Tehranpars: Hossein Abad, Pirouzi
OK
OK
Not Found
Meydan Sanat: Karegar, Mirdamad, Tajrish
OK
OK
Dowlat Abad: Payane Jonoub, Pirouzi
Enghelab: Karegar, Payane Jonoub, Pirouzi
Hossein Abad: Mirdamad, Tehranpars, Tajrish, Pirouzi
Karegar: Enghelab, Meydan Sanat, Mirdamad
Meydan Sanat: Karegar, Mirdamad, Tajrish
Mirdamad: Hossein Abad, Tajrish, Meydan Sanat, Karegar
Payane Jonoub: Dowlat Abad, Pirouzi, Enghelab
Pirouzi: Tehranpars, Payane Jonoub, Dowlat Abad, Hossein Abad, Enghelab
Tajrish: Mirdamad, Meydan Sanat, Hossein Abad
Tehranpars: Hossein Abad, Pirouzi
Mirdamad: Hossein Abad, Tajrish, Meydan Sanat, Karegar
OK