OK
OK
OK
OK
OK
OK
eram (Dowlat Abad)
majid (Payane Jonoub)
gardino (Pirouzi)
niko sefat (Enghelab)
shila2 (Enghelab)
shiraz (Enghelab)
yas (Enghelab)
burger land (Tehranpars)
shila3 (Tehranpars)
hossein garden (Hossein Abad)
martin (Karegar)
orkideh (Karegar)
hani (Mirdamad)
tehroonchi (Mirdamad)
khorsand (Tajrish)
rouhi (Tajrish)
shila1 (Tajrish)
fish & chips (Meydan Sanat)
lidoma (Meydan Sanat)
sib (Meydan Sanat)
OK
OK
OK
OK
OK
Not Found
OK
gardino (Pirouzi)
burger land (Tehranpars)
shila3 (Tehranpars)
majid (Payane Jonoub)
eram (Dowlat Abad)
hossein garden (Hossein Abad)
niko sefat (Enghelab)
shila2 (Enghelab)
shiraz (Enghelab)
yas (Enghelab)
hani (Mirdamad)
tehroonchi (Mirdamad)
khorsand (Tajrish)
rouhi (Tajrish)
shila1 (Tajrish)
martin (Karegar)
orkideh (Karegar)
fish & chips (Meydan Sanat)
lidoma (Meydan Sanat)
sib (Meydan Sanat)
OK
OK
gardino (Pirouzi)
burger land (Tehranpars)
shila3 (Tehranpars)
majid (Payane Jonoub)
shila2 (Enghelab)
shiraz (Enghelab)
shila1 (Tajrish)
martin (Karegar)
sib (Meydan Sanat)
OK
OK
OK
Empty
khorsand (Tajrish)
fish & chips (Meydan Sanat)
OK