Table 1: 4 0
Table 2: 4 0
Table 5: 3 0
Table 6: 3 0
Table 3: 2 0
Table 4: 2 0
Table 1: 4 0
Table 2: 4 0
Table 5: 3 0
Table 6: 3 0
Table 3: 2 0
Table 4: 2 0
Table ID: 4
People at the table:
Table remaining capacity: 2
Waiting queue length: 0
Paria sits at table 1
Paria exits!
Table ID: 1
People at the table:
Table remaining capacity: 4
Waiting queue length: 0
Table 1: 4 0
Table 2: 4 0
Table 5: 3 0
Table 6: 3 0
Table 3: 2 0
Table 4: 2 0
