OK
Not Found
Not Found
Name: hossein garden
District: Hossein Abad
Time: 9-23
Menu: berenj(150), cholo morgh(240), joojeh(260), kabab koobideh(270), shishlik(360)
1:
2:
3:
4:
5:
6:
7:
8:
Item Specific Discount: kabab koobideh(amount: 70)
First Order Discount: amount, 60