OK
Permission Denied
Bad Request
Not Found
Name: martin
District: Karegar
Time: 9-23
Menu: burger(260), hotdog(285), pitza(320)
1:
2:
3: