Permission Denied
Bad Request
Not Found
OK
OK
OK
OK