OK
Bad Request
Not Found
Bad Request
OK
OK
Permission Denied