OK
OK
Reserve ID: 1
Table 3 for 13 to 15 in yas
Original Price: 510
Order Amount Discount: 40
Total ItemSpecific Discount: 108
First Order Discount: 40
Total Discount: 188
Total Price: 322
Not Found
OK
871