OK
OK
OK
OK
OK
OK
Empty
Reserve ID: 1
Table 2 for 16 to 19 in sib
Original Price: 560
Order Amount Discount: 0
Total ItemSpecific Discount: 275
First Order Discount: 0
Total Discount: 275
Total Price: 285
1: sib 2 16-19 burger(1) pitza(1) 560 285
OK
OK
OK
OK
OK
Reserve ID: 2
Table 2 for 19 to 21 in sib
Original Price: 910
Order Amount Discount: 138
Total ItemSpecific Discount: 450
First Order Discount: 0
Total Discount: 588
Total Price: 322
Bad Request
Permission Denied
Not Found
OK
OK
OK
Reserve ID: 1
Table 1 for 18 to 21 in hani
Original Price: 760
Order Amount Discount: 204
Total ItemSpecific Discount: 40
First Order Discount: 40
Total Discount: 284
Total Price: 476
1: hani 1 18-21 cholo morgh(1) joojeh(2) 760 476
OK
OK
Reserve ID: 1
Table 1 for 14 to 15 in burger land
Original Price: 0
Order Amount Discount: 0
Total ItemSpecific Discount: 0
First Order Discount: 0
Total Discount: 0
Total Price: 0
1: burger land 1 14-15 0 0
1: sib 2 16-19 burger(1) pitza(1) 560 285
1: sib 2 16-19 burger(1) pitza(1) 560 285
OK