OK
OK
OK
OK
shila1 (Tajrish)
sib (Meydan Sanat)
martin (Karegar)
burger land (Tehranpars)
shila3 (Tehranpars)
gardino (Pirouzi)
shila2 (Enghelab)
shiraz (Enghelab)
majid (Payane Jonoub)