OK
Permission Denied
Not Found
Not Found
Not Found
Permission Denied
Permission Denied
Reserve ID: 1
Table 2 for 8 to 10 in shiraz
Price: 250
Permission Denied
Permission Denied