Permission Denied
OK
Not Found
OK
Reserve ID: 1
Table 1 for 15 to 17 in lidoma
Original Price: 320
Order Amount Discount: 0
Total ItemSpecific Discount: 0
First Order Discount: 40
Total Discount: 40
Total Price: 280