Table 1: 4 0
Table 2: 4 0
Table 5: 3 0
Table 6: 3 0
Table 3: 2 0
Table 4: 2 0
Mike sits at table 1
Table 2: 4 0
Table 6: 3 0
Table 1: 3 0
Table 5: 3 0
Table 4: 2 0
Table 3: 2 0
Parsa sits at table 6
Table 6: 2 0
Table 2: 4 0
Table 5: 3 0
Table 1: 3 0
Table 4: 2 0
Table 3: 2 0
Mike exits!
Table 2: 4 0
Table 6: 2 0
Table 1: 4 0
Table 5: 3 0
Table 4: 2 0
Table 3: 2 0
Mahdi sits at table 6
Table 2: 4 0
Table 6: 1 0
Table 1: 4 0
Table 5: 3 0
Table 4: 2 0
Table 3: 2 0
Sadegh sits at table 6
Table 2: 4 0
Table 6: 0 0
Table 1: 4 0
Table 5: 3 0
Table 4: 2 0
Table 3: 2 0
Sobhan enters the waiting queue of table 6
Table 2: 4 0
Table 6: 0 1
Table 1: 4 0
Table 5: 3 0
Table 4: 2 0
Table 3: 2 0
Sadegh exits!
Table 2: 4 0
Table 6: 0 0
Table 1: 4 0
Table 5: 3 0
Table 4: 2 0
Table 3: 2 0
Parsa exits!
Table 1: 4 0
Table 2: 4 0
Table 5: 3 0
Table 6: 1 0
Table 3: 2 0
Table 4: 2 0
Table 2: 4 0
Table 6: 1 0
Table 1: 4 0
Table 5: 3 0
Table 4: 2 0
Table 3: 2 0
