Sadegh sits at table 1
Amir Hossein sits at table 1
Gustavo sits at table 5
Walter sits at table 2
Mike sits at table 6
Mike exits!
Jesse sits at table 3
Hasti sits at table 2
Fereshte sits at table 2
Tommy sits at table 2
Hank sits at table 4
Parsa sits at table 3
Mahdi enters the waiting queue of table 2
Erfan enters the waiting queue of table 2
Alex sits at table 1
Hamid sits at table 4
Hank exits!
Sipamo enters the waiting queue of table 2
Sobhan sits at table 1
Paria enters the waiting queue of table 3
Melika sits at table 5
Alex exits!
Marry sits at table 6
Parham enters the waiting queue of table 2
Babak sits at table 1
Marry exits!
Peyman enters the waiting queue of table 1
Sina enters the waiting queue of table 1
Taha enters the waiting queue of table 1
Reza enters the waiting queue of table 1
Shahin enters the waiting queue of table 2
Amin enters the waiting queue of table 1
Aryan sits at table 4
Melika exits!
Shaghayegh enters the waiting queue of table 1
Narges enters the waiting queue of table 1
Asghar sits at table 5
Saeed enters the waiting queue of table 1
Saman sits at table 5
Sadegh exits!
Walter exits!
Melika sits at table 6
