Not Found
OK
Permission Denied
OK
Permission Denied
OK
OK
Permission Denied