OK
Bad Request
OK
OK
OK
Bad Request
OK
OK
Bad Request
OK
Not Found
OK
Bad Request
OK
OK
Bad Request
OK