OK
Name: shiraz
District: Enghelab
Time: 7-23
Menu: burger(250), morgh sookhari(240), pitza(350)
1:
2:
3:
4:
5: