OK
Permission Denied
Permission Denied
Reserve ID: 1
Table 1 for 10 to 15 in sib
Price: 205
Reserve ID: 1
Table 2 for 15 to 17 in lidoma
Price: 0
1: sib 1 10-15 hotdog(1)
1: lidoma 2 15-17
Not Found
Not Found
OK
1: lidoma 2 15-17
OK
OK
Permission Denied
