Walter sits at table 2
Hank sits at table 4
Parsa sits at table 3
Jesse sits at table 3
Paria enters the waiting queue of table 3
Gustavo sits at table 5
Mike sits at table 6
Amir Hossein sits at table 1
Sadegh sits at table 1
Hasti sits at table 2
Fereshte sits at table 2
Tommy sits at table 2
Peyman enters the waiting queue of table 3
Sina enters the waiting queue of table 2
Amin enters the waiting queue of table 3
Mahdi enters the waiting queue of table 2
Erfan enters the waiting queue of table 3
Alex enters the waiting queue of table 2
Hamid sits at table 4
Sipamo enters the waiting queue of table 2
Sobhan sits at table 1
Melika sits at table 5
Marry sits at table 6
Parham enters the waiting queue of table 2
Babak sits at table 1
Aryan enters the waiting queue of table 4
Shaghayegh enters the waiting queue of table 3
Saman sits at table 5
Narges enters the waiting queue of table 4
Saeed enters the waiting queue of table 1
