OK
Permission Denied
Not Found
Not Found
OK
eram (Dowlat Abad)
majid (Payane Jonoub)
gardino (Pirouzi)
niko sefat (Enghelab)
shila2 (Enghelab)
shiraz (Enghelab)
yas (Enghelab)
burger land (Tehranpars)
shila3 (Tehranpars)
hossein garden (Hossein Abad)
martin (Karegar)
orkideh (Karegar)
hani (Mirdamad)
tehroonchi (Mirdamad)
khorsand (Tajrish)
rouhi (Tajrish)
shila1 (Tajrish)
fish & chips (Meydan Sanat)
lidoma (Meydan Sanat)
sib (Meydan Sanat)
majid (Payane Jonoub)
gardino (Pirouzi)
shila2 (Enghelab)
shiraz (Enghelab)
burger land (Tehranpars)
shila3 (Tehranpars)
martin (Karegar)
shila1 (Tajrish)
sib (Meydan Sanat)
