OK
OK
OK
OK
OK
Name: rouhi
District: Tajrish
Time: 9-23
Menu: berenj(120), cholo morgh(220), joojeh(250), kabab koobideh(270), shishlik(350)
1:
2:
3:
OK
OK
OK
OK
Not Found
Name: niko sefat
District: Enghelab
Time: 6-15
Menu: ash(120), halim(130), kabab koobideh(200)
1:
2:
3:
4:
5:
6:
OK
OK
Name: sib
District: Meydan Sanat
Time: 9-23
Menu: burger(210), hotdog(205), pitza(350)
1:
2:
OK
OK
Name: niko sefat
District: Enghelab
Time: 6-15
Menu: ash(120), halim(130), kabab koobideh(200)
1:
2:
3:
4:
5:
6:
OK