OK
OK
Reserve ID: 1
Table 3 for 13 to 15 in yas
Original Price: 510
Order Amount Discount: 40
Total ItemSpecific Discount: 108
First Order Discount: 40
Total Discount: 188
Total Price: 322
Reserve ID: 1
Table 1 for 15 to 17 in lidoma
Original Price: 320
Order Amount Discount: 0
Total ItemSpecific Discount: 0
First Order Discount: 40
Total Discount: 40
Total Price: 280
1: yas 3 13-15 joojeh(1) kabab koobideh(1) 510 322
1: lidoma 1 15-17 joojeh(1) 320 280
398