Mehrad sits at table 1
Paria sits at table 4
Table 2: 4 0
Table 6: 3 0
Table 1: 3 0
Table 4: 1 0
Table 5: 3 0
Table 3: 2 0
Sara sits at table 2
Paria exits!
Mehrad exits!
Sara exits!
Fereshte sits at table 1
Paria sits at table 6
Table 6: 2 0
Table 2: 4 0
Table 5: 3 0
Table 1: 3 0
Table 4: 2 0
Table 3: 2 0
Hasti sits at table 6
Paria exits!
Fereshte exits!
Hasti exits!
