Fereshte sits at table 2
Tommy sits at table 2
Hank sits at table 4
Parsa sits at table 3
Hasti sits at table 2
Amir Hossein sits at table 1
Sadegh sits at table 1
Gustavo sits at table 5
Mike sits at table 6
Mike switches seats with Gustavo!
Jesse sits at table 3
Walter sits at table 2
Gustavo switches seats with Mike!
Mahdi enters the waiting queue of table 2
Erfan enters the waiting queue of table 2
Sipamo enters the waiting queue of table 2
Hamid sits at table 4
Alex sits at table 1
Sobhan sits at table 1
Paria enters the waiting queue of table 3
Sobhan switches seats with Fereshte!
Melika sits at table 5
Marry sits at table 6
Babak enters the waiting queue of table 1
Narges enters the waiting queue of table 1
Parham enters the waiting queue of table 2
Saman sits at table 5
Peyman enters the waiting queue of table 1
Amin enters the waiting queue of table 1
Saman switches seats with Amir Hossein!
Aryan enters the waiting queue of table 4
Shaghayegh enters the waiting queue of table 1
Melika switches seats with Sadegh!
Shahin enters the waiting queue of table 2
