Table 1: 4 0
Table 2: 4 0
Table 5: 3 0
Table 6: 3 0
Table 3: 2 0
Table 4: 2 0
Paria sits at table 1
Table 1: 3 0
Table 2: 4 0
Table 5: 3 0
Table 6: 3 0
Table 3: 2 0
Table 4: 2 0
Amir Hossein sits at table 1
Table 1: 2 0
Table 2: 4 0
Table 5: 3 0
Table 6: 3 0
Table 3: 2 0
Table 4: 2 0
Parsa sits at table 1
Table 1: 1 0
Table 2: 4 0
Table 5: 3 0
Table 3: 2 0
Table 6: 3 0
Table 4: 2 0
Kiana sits at table 1
Table 1: 0 0
Table 2: 4 0
Table 5: 3 0
Table 6: 3 0
Table 3: 2 0
Table 4: 2 0
Fereshte enters the waiting queue of table 1
Table 1: 0 1
Table 2: 4 0
Table 5: 3 0
Table 6: 3 0
Table 3: 2 0
Table 4: 2 0
Mehrad enters the waiting queue of table 1
Table 1: 0 2
Table 2: 4 0
Table 5: 3 0
Table 3: 2 0
Table 6: 3 0
Table 4: 2 0
Sara enters the waiting queue of table 1
Table 1: 0 3
Table 2: 4 0
Table 5: 3 0
Table 6: 3 0
Table 3: 2 0
Table 4: 2 0
Adolf enters the waiting queue of table 1
Table 2: 4 0
Table 6: 3 0
Table 1: 0 4
Table 5: 3 0
Table 4: 2 0
Table 3: 2 0
Amir Akbar sits at table 2
Table 2: 3 0
Table 6: 3 0
Table 1: 0 4
Table 5: 3 0
Table 4: 2 0
Table 3: 2 0
Shahin sits at table 2
Table 2: 2 0
Table 1: 0 4
Table 6: 3 0
Table 4: 2 0
Table 5: 3 0
Table 3: 2 0
Parham sits at table 2
