OK
OK
OK
OK
OK
Not Found
Meydan Sanat: Karegar, Mirdamad, Tajrish
OK
eram (Dowlat Abad)
majid (Payane Jonoub)
gardino (Pirouzi)
niko sefat (Enghelab)
shila2 (Enghelab)
shiraz (Enghelab)
yas (Enghelab)
burger land (Tehranpars)
shila3 (Tehranpars)
hossein garden (Hossein Abad)
martin (Karegar)
orkideh (Karegar)
hani (Mirdamad)
tehroonchi (Mirdamad)
khorsand (Tajrish)
rouhi (Tajrish)
shila1 (Tajrish)
fish & chips (Meydan Sanat)
lidoma (Meydan Sanat)
sib (Meydan Sanat)
Name: rouhi
District: Tajrish
Time: 9-23
Menu: berenj(120), cholo morgh(220), joojeh(250), kabab koobideh(270), shishlik(350)
1:
2:
3:
Empty
Not Found
Not Found
Reserve ID: 1
Table 2 for 16 to 19 in sib
Price: 560
Bad Request
OK
OK
OK
OK
Permission Denied
Reserve ID: 2
Table 2 for 19 to 21 in sib
Price: 910
Permission Denied
OK
OK
Reserve ID: 1
Table 1 for 18 to 21 in hani
Price: 760
Not Found
1: hani 1 18-21 cholo morgh(1) joojeh(2)
OK
OK
Name: niko sefat
District: Enghelab
Time: 6-15
Menu: ash(120), halim(130), kabab koobideh(200)
1:
2:
3:
4:
5:
6:
Reserve ID: 1
Table 1 for 14 to 15 in burger land
Price: 0
1: burger land 1 14-15
1: sib 2 16-19 burger(1) pitza(1)
1: sib 2 16-19 burger(1) pitza(1)
Name: sib
District: Meydan Sanat
Time: 9-23
Menu: burger(210), hotdog(205), pitza(350)
1:
2: (16-19), (19-21)
OK
Empty
khorsand (Tajrish)
fish & chips (Meydan Sanat)
Dowlat Abad: Payane Jonoub, Pirouzi
Enghelab: Karegar, Payane Jonoub, Pirouzi
Hossein Abad: Mirdamad, Tehranpars, Tajrish, Pirouzi
Karegar: Enghelab, Meydan Sanat, Mirdamad
Meydan Sanat: Karegar, Mirdamad, Tajrish
Mirdamad: Hossein Abad, Tajrish, Meydan Sanat, Karegar
Payane Jonoub: Dowlat Abad, Pirouzi, Enghelab
Pirouzi: Tehranpars, Payane Jonoub, Dowlat Abad, Hossein Abad, Enghelab
Tajrish: Mirdamad, Meydan Sanat, Hossein Abad
Tehranpars: Hossein Abad, Pirouzi
OK