OK
Permission Denied
Bad Request
Not Found
Not Found
OK