Permission Denied
OK
Permission Denied
OK
OK
OK
Permission Denied
OK
OK
Not Found
Bad Request
OK