OK
Permission Denied
Permission Denied
Empty
Bad Request
Reserve ID: 1
Table 2 for 7 to 9 in niko sefat
Price: 0
Reserve ID: 1
Table 5 for 14 to 16 in orkideh
Price: 560
Not Found
1: niko sefat 2 7-9
1: orkideh 5 14-16 kabab koobideh(2)
1: niko sefat 2 7-9
Reserve ID: 2
Table 3 for 17 to 19 in orkideh
Price: 820
2: orkideh 3 17-19 joojeh(2) kabab koobideh(1)
OK
OK
Permission Denied