OK
OK
OK
OK
OK
Not Found
Not Found
Reserve ID: 1
Table 2 for 16 to 19 in sib
Price: 560
OK
OK
OK
OK
Permission Denied
Reserve ID: 2
Table 2 for 19 to 21 in sib
Price: 910
Permission Denied
OK
OK
Not Found
Reserve ID: 1
Table 1 for 18 to 21 in hani
Price: 760
OK
OK
Permission Denied
Reserve ID: 1
Table 1 for 14 to 15 in burger land
Price: 0
Permission Denied
Name: sib
District: Meydan Sanat
Time: 9-23
Menu: burger(210), hotdog(205), pitza(350)
1:
2: (16-19), (19-21)
OK