Project added: ProjectA
Task added to ProjectA: Task1
Task added to ProjectA: Task2
Projects:
ProjectA
Tasks for ProjectA:
Task1
Task2
