Project not found: NonExistentProject
Project not found: NonExistentProject
Projects:
