OK
0
OK
2500
OK
OK
OK
1500
OK
OK
1500
OK
1700
OK
OK
2500
OK
2800
OK
3200
Bad Request
3200
OK